ts Junets Jun  8 2016 00:22:57

rst:0x1 (POWERON_RESET),boot:0x3 (DOWNLOAD_BOOT(UART0/UART1/SDIO_REI_REO_V2))
waiting for download
ets Jun  8 2016 00:22:57

rst:0x1 (POWERON_RESET),boot:0x13 (SPI_FAST_FLASH_BOOT)
configsip: 0, SPIWP:0xee
clk_drv:0x00,q_drv:0x00,d_drv:0x00,cs0_drv:0x00,hd_drv:0x00,wp_drv:0x00
mode:DIO, clock div:2
load:0x3fff0030,len:6276
load:0x40078000,len:15748
load:0x40080400,len:4
ho 8 tail 4 room 4
load:0x40080404,len:3860
entry 0x4008063c
[0;32mI (31) boot: ESP-IDF v5.4.1-dirty 2nd stage bootloader[0m
[0;32mI (31) boot: compile time May  5 2025 17:07:06[0m
[0;32mI (31) boot: Multicore bootloader[0m
[0;32mI (32) boot: chip revision: v1.0[0m
[0;32mI (35) boot.esp32: SPI Speed      : 40MHz[0m
[0;32mI (39) boot.esp32: SPI Mode       : DIO[0m
[0;32mI (43) boot.esp32: SPI Flash Size : 2MB[0m
[0;32mI (46) boot: Enabling RNG early entropy source...[0m
[0;32mI (51) boot: Partition Table:[0m
[0;32mI (53) boot: ## Label            Usage          Type ST Offset   Length[0m
[0;32mI (60) boot:  0 nvs              WiFi data        01 02 00009000 00006000[0m
[0;32mI (66) boot:  1 phy_init         RF data          01 01 0000f000 00001000[0m
[0;32mI (73) boot:  2 factory          factory app      00 00 00010000 00100000[0m
[0;32mI (79) boot: End of partition table[0m
[0;32mI (82) esp_image: segment 0: paddr=00010020 vaddr=3f400020 size=18f88h (102280) map[0m
I (125) esp_image: segment 1: paddr=00028fb0 vaddr=3ff80000 size=0001ch (    28) load
[0;32mI (125) esp_image: segment 2: paddr=00028fd4 vaddr=3ffb0000 size=03ea4h ( 16036) load[0m
[0;32mI (135) esp_image: segment 3: paddr=0002ce80 vaddr=40080000 size=03198h ( 12696) load[0m
[0;32mI (141) esp_image: segment 4: paddr=00030020 vaddr=400d0020 size=84e50h (544336) map[0m
[0;32mI (330) esp_image: segment 5: paddr=000b4e78 vaddr=40083198 size=14600h ( 83456) load[0m
[0;32mI (374) boot: Loaded app from partition at offset 0x10000[0m
[0;32mI (374) boot: Disabling RNG early entropy source...[0m
[0;32mI (384) cpu_start: Multicore app[0m
[0;32mI (393) cpu_start: Pro cpu start user code[0m
[0;32mI (393) cpu_start: cpu freq: 160000000 Hz[0m
[0;32mI (393) app_init: Application information:[0m
[0;32mI (393) app_init: Project name:     wifi[0m
[0;32mI (396) app_init: App version:      6bfb8bc-dirty[0m
[0;32mI (401) app_init: Compile time:     May  6 2025 12:23:09[0m
[0;32mI (406) app_init: ELF file SHA256:  dfd1dccdb...[0m
[0;32mI (410) app_init: ESP-IDF:          v5.4.1-dirty[0m
[0;32mI (414) efuse_init: Min chip rev:     v0.0[0m
[0;32mI (418) efuse_init: Max chip rev:     v3.99 [0m
[0;32mI (422) efuse_init: Chip rev:         v1.0[0m
[0;32mI (426) heap_init: Initializing. RAM available for dynamic allocation:[0m
[0;32mI (433) heap_init: At 3FFAE6E0 len 00001920 (6 KiB): DRAM[0m
[0;32mI (437) heap_init: At 3FFB8158 len 00027EA8 (159 KiB): DRAM[0m
[0;32mI (443) heap_init: At 3FFE0440 len 00003AE0 (14 KiB): D/IRAM[0m
[0;32mI (448) heap_init: At 3FFE4350 len 0001BCB0 (111 KiB): D/IRAM[0m
[0;32mI (454) heap_init: At 40097798 len 00008868 (34 KiB): IRAM[0m
[0;32mI (460) spi_flash: detected chip: generic[0m
[0;32mI (463) spi_flash: flash io: dio[0m
[0;33mW (466) spi_flash: Detected size(4096k) larger than the size in the binary image header(2048k). Using the size in the binary image header.[0m
[0;32mI (479) main_task: Started on CPU0[0m
[0;32mI (489) main_task: Calling app_main()[0m
[0;32mI (529) wifi:wifi driver task: 3ffc01b8, prio:23, stack:6656, core=0[0m
[0;32mI (539) wifi:wifi firmware version: 79fa3f41ba[0m
[0;32mI (539) wifi:wifi certification version: v7.0[0m
[0;32mI (539) wifi:config NVS flash: enabled[0m
[0;32mI (539) wifi:config nano formatting: disabled[0m
[0;32mI (549) wifi:Init data frame dynamic rx buffer num: 32[0m
[0;32mI (549) wifi:Init static rx mgmt buffer num: 5[0m
[0;32mI (559) wifi:Init management short buffer num: 32[0m
[0;32mI (559) wifi:Init dynamic tx buffer num: 32[0m
[0;32mI (559) wifi:Init static rx buffer size: 1600[0m
[0;32mI (569) wifi:Init static rx buffer num: 10[0m
[0;32mI (569) wifi:Init dynamic rx buffer num: 32[0m
[0;32mI (579) wifi_init: rx ba win: 6[0m
[0;32mI (579) wifi_init: accept mbox: 6[0m
[0;32mI (579) wifi_init: tcpip mbox: 32[0m
[0;32mI (579) wifi_init: udp mbox: 6[0m
[0;32mI (589) wifi_init: tcp mbox: 6[0m
[0;32mI (589) wifi_init: tcp tx win: 5760[0m
[0;32mI (589) wifi_init: tcp rx win: 5760[0m
[0;32mI (599) wifi_init: tcp mss: 1440[0m
[0;32mI (599) wifi_init: WiFi IRAM OP enabled[0m
[0;32mI (599) wifi_init: WiFi RX IRAM OP enabled[0m
[0;32mI (609) phy_init: phy_version 4860,6b7a6e5,Feb  6 2025,14:47:07[0m
[0;32mI (679) wifi:mode : sta (3c:61:05:65:50:98)[0m
[0;32mI (679) wifi:enable tsf[0m
[0;32mI (689) WIFI: wifi_init_sta finished.[0m
[0;32mI (699) wifi:new:<6,0>, old:<1,0>, ap:<255,255>, sta:<6,0>, prof:1, snd_ch_cfg:0x0[0m
[0;32mI (699) wifi:state: init -> auth (0xb0)[0m
[0;32mI (709) wifi:state: auth -> assoc (0x0)[0m
[0;32mI (719) wifi:state: assoc -> run (0x10)[0m
[0;32mI (729) wifi:<ba-add>idx:0 (ifx:0, c8:b4:22:24:ba:c9), tid:0, ssn:0, winSize:64[0m
[0;32mI (739) wifi:connected with Marymontecinos, aid = 3, channel 6, BW20, bssid = c8:b4:22:24:ba:c9[0m
[0;32mI (739) wifi:security: WPA2-PSK, phy: bgn, rssi: -59[0m
[0;32mI (749) wifi:pm start, type: 1[0m

[0;32mI (749) wifi:dp: 1, bi: 102400, li: 3, scale listen interval from 307200 us to 307200 us[0m
[0;32mI (759) wifi:AP's beacon interval = 102400 us, DTIM period = 3[0m
[0;32mI (1779) esp_netif_handlers: sta ip: 192.168.1.122, mask: 255.255.255.0, gw: 192.168.1.1[0m
[0;32mI (1779) WIFI: got ip:192.168.1.122[0m
[0;32mI (1779) WIFI: connected to ap SSID:Marymontecinos password:11032002[0m
[0;32mI (1779) WIFI: Conectado a WiFi![0m
enviamos la conf inicialI (2509) WIFI: Datos recibidos: 
Transport Layer: 0
ID Protocol: 3
seteamos la conf inicial
enviamos el mensajeTCP message sent
[0;32mI (2519) main_task: Returned from app_main()[0m
ets Jun  8 2016 00:22:57

rst:0x1 (POWERON_RESET),boot:0x13 (SPI_FAST_FLASH_BOOT)
configsip: 0, SPIWP:0xee
clk_drv:0x00,q_drv:0x00,d_drv:0x00,cs0_drv:0x00,hd_drv:0x00,wp_drv:0x00
mode:DIO, clock div:2
load:0x3fff0030,len:6276
load:0x40078000,len:15748
load:0x40080400,len:4
ho 8 tail 4 room 4
load:0x40080404,len:3860
entry 0x4008063c
[0;32mI (31) boot: ESP-IDF v5.4.1-dirty 2nd stage bootloader[0m
[0;32mI (31) boot: compile time May  5 2025 17:07:06[0m
[0;32mI (31) boot: Multicore bootloader[0m
[0;32mI (32) boot: chip revision: v1.0[0m
[0;32mI (35) boot.esp32: SPI Speed      : 40MHz[0m
[0;32mI (39) boot.esp32: SPI Mode       : DIO[0m
[0;32mI (43) boot.esp32: SPI Flash Size : 2MB[0m
[0;32mI (46) boot: Enabling RNG early entropy source...[0m
[0;32mI (51) boot: Partition Table:[0m
[0;32mI (53) boot: ## Label            Usage          Type ST Offset   Length[0m
[0;32mI (60) boot:  0 nvs              WiFi data        01 02 00009000 00006000[0m
[0;32mI (66) boot:  1 phy_init         RF data          01 01 0000f000 00001000[0m
[0;32mI (73) boot:  2 factory          factory app      00 00 00010000 00100000[0m
[0;32mI (79) boot: End of partition table[0m
[0;32mI (82) esp_image: segment 0: paddr=00010020 vaddr=3f400020 size=18f88h (102280) map[0m
[0;32mI (125) esp_image: segment 1: paddr=00028fb0 vaddr=3ff80000 size=0001ch (    28) load[0m
[0;32mI (125) esp_image: segment 2: paddr=00028fd4 vaddr=3ffb0000 size=03ea4h ( 16036) load[0m
[0;32mI (135) esp_image: segment 3: paddr=0002ce80 vaddr=40080000 size=03198h ( 12696) load[0m
[0;32mI (141) esp_image: segment 4: paddr=00030020 vaddr=400d0020 size=84e50h (544336) map[0m
[0;32mI (330) esp_image: segment 5: paddr=000b4e78 vaddr=40083198 size=14600h ( 83456) load[0m
[0;32mI (374) boot: Loaded app from partition at offset 0x10000[0m
[0;32mI (374) boot: Disabling RNG early entropy source...[0m
[0;32mI (384) cpu_start: Multicore app[0m
[0;32mI (393) cpu_start: Pro cpu start user code[0m
[0;32mI (393) cpu_start: cpu freq: 160000000 Hz[0m
[0;32mI (393) app_init: Application information:[0m
[0;32mI (393) app_init: Project name:     wifi[0m
[0;32mI (396) app_init: App version:      6bfb8bc-dirty[0m
[0;32mI (401) app_init: Compile time:     May  6 2025 12:23:09[0m
[0;32mI (406) app_init: ELF file SHA256:  dfd1dccdb...[0m
[0;32mI (410) app_init: ESP-IDF:          v5.4.1-dirty[0m
[0;32mI (414) efuse_init: Min chip rev:     v0.0[0m
[0;32mI (418) efuse_init: Max chip rev:     v3.99 [0m
[0;32mI (422) efuse_init: Chip rev:         v1.0[0m
[0;32mI (426) heap_init: Initializing. RAM available for dynamic allocation:[0m
[0;32mI (433) heap_init: At 3FFAE6E0 len 00001920 (6 KiB): DRAM[0m
[0;32mI (437) heap_init: At 3FFB8158 len 00027EA8 (159 KiB): DRAM[0m
[0;32mI (443) heap_init: At 3FFE0440 len 00003AE0 (14 KiB): D/IRAM[0m
[0;32mI (448) heap_init: At 3FFE4350 len 0001BCB0 (111 KiB): D/IRAM[0m
[0;32mI (454) heap_init: At 40097798 len 00008868 (34 KiB): IRAM[0m
[0;32mI (460) spi_flash: detected chip: generic[0m
[0;32mI (463) spi_flash: flash io: dio[0m
[0;33mW (466) spi_flash: Detected size(4096k) larger than the size in the binary image header(2048k). Using the size in the binary image header.[0m
[0;32mI (479) main_task: Started on CPU0[0m
[0;32mI (489) main_task: Calling app_main()[0m
[0;32mI (529) wifi:wifi driver task: 3ffc01b8, prio:23, stack:6656, core=0[0m
[0;32mI (539) wifi:wifi firmware version: 79fa3f41ba[0m
[0;32mI (539) wifi:wifi certification version: v7.0[0m
[0;32mI (539) wifi:config NVS flash: enabled[0m
[0;32mI (539) wifi:config nano formatting: disabled[0m
[0;32mI (549) wifi:Init data frame dynamic rx buffer num: 32[0m
[0;32mI (549) wifi:Init static rx mgmt buffer num: 5[0m
[0;32mI (559) wifi:Init management short buffer num: 32[0m
[0;32mI (559) wifi:Init dynamic tx buffer num: 32[0m
[0;32mI (559) wifi:Init static rx buffer size: 1600[0m
[0;32mI (569) wifi:Init static rx buffer num: 10[0m
[0;32mI (569) wifi:Init dynamic rx buffer num: 32[0m
[0;32mI (579) wifi_init: rx ba win: 6[0m
[0;32mI (579) wifi_init: accept mbox: 6[0m
[0;32mI (579) wifi_init: tcpip mbox: 32[0m
[0;32mI (579) wifi_init: udp mbox: 6[0m
[0;32mI (589) wifi_init: tcp mbox: 6[0m
[0;32mI (589) wifi_init: tcp tx win: 5760[0m
[0;32mI (589) wifi_init: tcp rx win: 5760[0m
[0;32mI (599) wifi_init: tcp mss: 1440[0m
[0;32mI (599) wifi_init: WiFi IRAM OP enabled[0m
[0;32mI (599) wifi_init: WiFi RX IRAM OP enabled[0m
[0;32mI (609) phy_init: phy_version 4860,6b7a6e5,Feb  6 2025,14:47:07[0m
[0;32mI (679) wifi:mode : sta (3c:61:05:65:50:98)[0m
[0;32mI (679) wifi:enable tsf[0m
[0;32mI (689) WIFI: wifi_init_sta finished.[0m
[0;32mI (699) wifi:new:<6,0>, old:<1,0>, ap:<255,255>, sta:<6,0>, prof:1, snd_ch_cfg:0x0[0m
[0;32mI (699) wifi:state: init -> auth (0xb0)[0m
[0;32mI (719) wifi:state: auth -> assoc (0x0)[0m
[0;32mI (729) wifi:state: assoc -> run (0x10)[0m
[0;32mI (739) wifi:<ba-add>idx:0 (ifx:0, c8:b4:22:24:ba:c9), tid:0, ssn:0, winSize:64[0m
[0;32mI (749) wifi:connected with Marymontecinos, aid = 3, channel 6, BW20, bssid = c8:b4:22:24:ba:c9[0m
[0;32mI (749) wifi:security: WPA2-PSK, phy: bgn, rssi: -61[0m
[0;32mI (749) wifi:pm start, type: 1[0m

[0;32mI (749) wifi:dp: 1, bi: 102400, li: 3, scale listen interval from 307200 us to 307200 us[0m
[0;32mI (759) wifi:AP's beacon interval = 102400 us, DTIM period = 3[0m
[0;32mI (1789) esp_netif_handlers: sta ip: 192.168.1.122, mask: 255.255.255.0, gw: 192.168.1.1[0m
[0;32mI (1789) WIFI: got ip:192.168.1.122[0m
[0;32mI (1789) WIFI: connected to ap SSID:Marymontecinos password:11032002[0m
[0;32mI (1789) WIFI: Conectado a WiFi![0m
enviamos la conf inicialI (2499) WIFI: Datos recibidos: 
Transport Layer: 0
ID Protocol: 3
seteamos la conf inicial
enviamos el mensajeTCP message sent
[0;32mI (2519) main_task: Returned from app_main()[0m
ets Jun  8 2016 00:22:57

rst:0x1 (POWERON_RESET),boot:0x13 (SPI_FAST_FLASH_BOOT)
configsip: 0, SPIWP:0xee
clk_drv:0x00,q_drv:0x00,d_drv:0x00,cs0_drv:0x00,hd_drv:0x00,wp_drv:0x00
mode:DIO, clock div:2
load:0x3fff0030,len:6276
load:0x40078000,len:15748
load:0x40080400,len:4
ho 8 tail 4 room 4
load:0x40080404,len:3860
entry 0x4008063c
[0;32mI (31) boot: ESP-IDF v5.4.1-dirty 2nd stage bootloader[0m
[0;32mI (31) boot: compile time May  5 2025 17:07:06[0m
[0;32mI (31) boot: Multicore bootloader[0m
[0;32mI (33) boot: chip revision: v1.0[0m
[0;32mI (35) boot.esp32: SPI Speed      : 40MHz[0m
[0;32mI (39) boot.esp32: SPI Mode       : DIO[0m
[0;32mI (43) boot.esp32: SPI Flash Size : 2MB[0m
[0;32mI (46) boot: Enabling RNG early entropy source...[0m
[0;32mI (51) boot: Partition Table:[0m
[0;32mI (53) boot: ## Label            Usage          Type ST Offset   Length[0m
[0;32mI (60) boot:  0 nvs              WiFi data        01 02 00009000 00006000[0m
[0;32mI (66) boot:  1 phy_init         RF data          01 01 0000f000 00001000[0m
[0;32mI (73) boot:  2 factory          factory app      00 00 00010000 00100000[0m
[0;32mI (79) boot: End of partition table[0m
[0;32mI (82) esp_image: segment 0: paddr=00010020 vaddr=3f400020 size=18f88h (102280) map[0m
[0;32mI (125) esp_image: segment 1: paddr=00028fb0 vaddr=3ff80000 size=0001ch (    28) load[0m
[0;32mI (125) esp_image: segment 2: paddr=00028fd4 vaddr=3ffb0000 size=03ea4h ( 16036) load[0m
[0;32mI (135) esp_image: segment 3: paddr=0002ce80 vaddr=40080000 size=03198h ( 12696) load[0m
[0;32mI (141) esp_image: segment 4: paddr=00030020 vaddr=400d0020 size=84e50h (544336) map[0m
[0;32mI (330) esp_image: segment 5: paddr=000b4e78 vaddr=40083198 size=14600h ( 83456) load[0m
[0;32mI (374) boot: Loaded app from partition at offset 0x10000[0m
[0;32mI (374) boot: Disabling RNG early entropy source...[0m
[0;32mI (384) cpu_start: Multicore app[0m
[0;32mI (393) cpu_start: Pro cpu start user code[0m
[0;32mI (393) cpu_start: cpu freq: 160000000 Hz[0m
[0;32mI (393) app_init: Application information:[0m
[0;32mI (393) app_init: Project name:     wifi[0m
[0;32mI (396) app_init: App version:      6bfb8bc-dirty[0m
[0;32mI (401) app_init: Compile time:     May  6 2025 12:23:09[0m
[0;32mI (406) app_init: ELF file SHA256:  dfd1dccdb...[0m
[0;32mI (410) app_init: ESP-IDF:          v5.4.1-dirty[0m
[0;32mI (414) efuse_init: Min chip rev:     v0.0[0m
[0;32mI (418) efuse_init: Max chip rev:     v3.99 [0m
[0;32mI (422) efuse_init: Chip rev:         v1.0[0m
[0;32mI (426) heap_init: Initializing. RAM available for dynamic allocation:[0m
[0;32mI (433) heap_init: At 3FFAE6E0 len 00001920 (6 KiB): DRAM[0m
[0;32mI (438) heap_init: At 3FFB8158 len 00027EA8 (159 KiB): DRAM[0m
[0;32mI (443) heap_init: At 3FFE0440 len 00003AE0 (14 KiB): D/IRAM[0m
[0;32mI (448) heap_init: At 3FFE4350 len 0001BCB0 (111 KiB): D/IRAM[0m
[0;32mI (454) heap_init: At 40097798 len 00008868 (34 KiB): IRAM[0m
[0;32mI (460) spi_flash: detected chip: generic[0m
[0;32mI (463) spi_flash: flash io: dio[0m
[0;33mW (466) spi_flash: Detected size(4096k) larger than the size in the binary image header(2048k). Using the size in the binary image header.[0m
[0;32mI (479) main_task: Started on CPU0[0m
[0;32mI (489) main_task: Calling app_main()[0m
[0;32mI (529) wifi:wifi driver task: 3ffc01b8, prio:23, stack:6656, core=0[0m
[0;32mI (539) wifi:wifi firmware version: 79fa3f41ba[0m
[0;32mI (539) wifi:wifi certification version: v7.0[0m
[0;32mI (539) wifi:config NVS flash: enabled[0m
[0;32mI (539) wifi:config nano formatting: disabled[0m
[0;32mI (549) wifi:Init data frame dynamic rx buffer num: 32[0m
[0;32mI (549) wifi:Init static rx mgmt buffer num: 5[0m
[0;32mI (559) wifi:Init management short buffer num: 32[0m
[0;32mI (559) wifi:Init dynamic tx buffer num: 32[0m
[0;32mI (559) wifi:Init static rx buffer size: 1600[0m
[0;32mI (569) wifi:Init static rx buffer num: 10[0m
[0;32mI (569) wifi:Init dynamic rx buffer num: 32[0m
[0;32mI (579) wifi_init: rx ba win: 6[0m
[0;32mI (579) wifi_init: accept mbox: 6[0m
[0;32mI (579) wifi_init: tcpip mbox: 32[0m
[0;32mI (579) wifi_init: udp mbox: 6[0m
[0;32mI (589) wifi_init: tcp mbox: 6[0m
[0;32mI (589) wifi_init: tcp tx win: 5760[0m
[0;32mI (589) wifi_init: tcp rx win: 5760[0m
[0;32mI (599) wifi_init: tcp mss: 1440[0m
[0;32mI (599) wifi_init: WiFi IRAM OP enabled[0m
[0;32mI (599) wifi_init: WiFi RX IRAM OP enabled[0m
[0;32mI (609) phy_init: phy_version 4860,6b7a6e5,Feb  6 2025,14:47:07[0m
[0;32mI (679) wifi:mode : sta (3c:61:05:65:50:98)[0m
[0;32mI (679) wifi:enable tsf[0m
[0;32mI (689) WIFI: wifi_init_sta finished.[0m
[0;32mI (699) wifi:new:<6,0>, old:<1,0>, ap:<255,255>, sta:<6,0>, prof:1, snd_ch_cfg:0x0[0m
[0;32mI (699) wifi:state: init -> auth (0xb0)[0m
[0;32mI (709) wifi:state: auth -> assoc (0x0)[0m
[0;32mI (719) wifi:state: assoc -> run (0x10)[0m
[0;32mI (729) wifi:<ba-add>idx:0 (ifx:0, c8:b4:22:24:ba:c9), tid:0, ssn:0, winSize:64[0m
[0;32mI (739) wifi:connected with Marymontecinos, aid = 3, channel 6, BW20, bssid = c8:b4:22:24:ba:c9[0m
[0;32mI (739) wifi:security: WPA2-PSK, phy: bgn, rssi: -55[0m
[0;32mI (739) wifi:pm start, type: 1[0m

[0;32mI (739) wifi:dp: 1, bi: 102400, li: 3, scale listen interval from 307200 us to 307200 us[0m
[0;32mI (809) wifi:AP's beacon interval = 102400 us, DTIM period = 3[0m
[0;32mI (1779) esp_netif_handlers: sta ip: 192.168.1.122, mask: 255.255.255.0, gw: 192.168.1.1[0m
[0;32mI (1779) WIFI: got ip:192.168.1.122[0m
[0;32mI (1779) WIFI: connected to ap SSID:Marymontecinos password:11032002[0m
[0;32mI (1779) WIFI: Conectado a WiFi![0m
enviamos la conf inicialI (2519) WIFI: Datos recibidos: 
Transport Layer: 0
ID Protocol: 3
seteamos la conf inicial
enviamos el mensajeTCP message sent
[0;32mI (2539) main_task: Returned from app_main()[0m
ets Jun  8 2016 00:22:57

rst:0x1 (POWERON_RESET),boot:0x13 (SPI_FAST_FLASH_BOOT)
configsip: 0, SPIWP:0xee
clk_drv:0x00,q_drv:0x00,d_drv:0x00,cs0_drv:0x00,hd_drv:0x00,wp_drv:0x00
mode:DIO, clock div:2
load:0x3fff0030,len:6276
load:0x40078000,len:15748
load:0x40080400,len:4
ho 8 tail 4 room 4
load:0x40080404,len:3860
entry 0x4008063c
[0;32mI (31) boot: ESP-IDF v5.4.1-dirty 2nd stage bootloader[0m
[0;32mI (31) boot: compile time May  5 2025 17:07:06[0m
[0;32mI (31) boot: Multicore bootloader[0m
[0;32mI (33) boot: chip revision: v1.0[0m
[0;32mI (35) boot.esp32: SPI Speed      : 40MHz[0m
[0;32mI (39) boot.esp32: SPI Mode       : DIO[0m
[0;32mI (43) boot.esp32: SPI Flash Size : 2MB[0m
[0;32mI (46) boot: Enabling RNG early entropy source...[0m
[0;32mI (51) boot: Partition Table:[0m
[0;32mI (53) boot: ## Label            Usage          Type ST Offset   Length[0m
[0;32mI (60) boot:  0 nvs              WiFi data        01 02 00009000 00006000[0m
[0;32mI (66) boot:  1 phy_init         RF data          01 01 0000f000 00001000[0m
[0;32mI (73) boot:  2 factory          factory app      00 00 00010000 00100000[0m
[0;32mI (79) boot: End of partition table[0m
[0;32mI (82) esp_image: segment 0: paddr=00010020 vaddr=3f400020 size=18f88h (102280) map[0m
[0;32mI (125) esp_image: segment 1: paddr=00028fb0 vaddr=3ff80000 size=0001ch (    28) load[0m
[0;32mI (125) esp_image: segment 2: paddr=00028fd4 vaddr=3ffb0000 size=03ea4h ( 16036) load[0m
[0;32mI (135) esp_image: segment 3: paddr=0002ce80 vaddr=40080000 size=03198h ( 12696) load[0m
[0;32mI (141) esp_image: segment 4: paddr=00030020 vaddr=400d0020 size=84e50h (544336) map[0m
[0;32mI (330) esp_image: segment 5: paddr=000b4e78 vaddr=40083198 size=14600h ( 83456) load[0m
[0;32mI (374) boot: Loaded app from partition at offset 0x10000[0m
[0;32mI (374) boot: Disabling RNG early entropy source...[0m
[0;32mI (384) cpu_start: Multicore app[0m
[0;32mI (393) cpu_start: Pro cpu start user code[0m
[0;32mI (393) cpu_start: cpu freq: 160000000 Hz[0m
[0;32mI (393) app_init: Application information:[0m
[0;32mI (393) app_init: Project name:     wifi[0m
[0;32mI (396) app_init: App version:      6bfb8bc-dirty[0m
[0;32mI (401) app_init: Compile time:     May  6 2025 12:23:09[0m
[0;32mI (406) app_init: ELF file SHA256:  dfd1dccdb...[0m
[0;32mI (410) app_init: ESP-IDF:          v5.4.1-dirty[0m
[0;32mI (414) efuse_init: Min chip rev:     v0.0[0m
[0;32mI (418) efuse_init: Max chip rev:     v3.99 [0m
[0;32mI (422) efuse_init: Chip rev:         v1.0[0m
[0;32mI (426) heap_init: Initializing. RAM available for dynamic allocation:[0m
[0;32mI (433) heap_init: At 3FFAE6E0 len 00001920 (6 KiB): DRAM[0m
[0;32mI (437) heap_init: At 3FFB8158 len 00027EA8 (159 KiB): DRAM[0m
[0;32mI (443) heap_init: At 3FFE0440 len 00003AE0 (14 KiB): D/IRAM[0m
[0;32mI (448) heap_init: At 3FFE4350 len 0001BCB0 (111 KiB): D/IRAM[0m
[0;32mI (454) heap_init: At 40097798 len 00008868 (34 KiB): IRAM[0m
[0;32mI (460) spi_flash: detected chip: generic[0m
[0;32mI (463) spi_flash: flash io: dio[0m
[0;33mW (466) spi_flash: Detected size(4096k) larger than the size in the binary image header(2048k). Using the size in the binary image header.[0m
[0;32mI (479) main_task: Started on CPU0[0m
[0;32mI (489) main_task: Calling app_main()[0m
[0;32mI (529) wifi:wifi driver task: 3ffc01b8, prio:23, stack:6656, core=0[0m
[0;32mI (539) wifi:wifi firmware version: 79fa3f41ba[0m
[0;32mI (539) wifi:wifi certification version: v7.0[0m
[0;32mI (539) wifi:config NVS flash: enabled[0m
[0;32mI (539) wifi:config nano formatting: disabled[0m
[0;32mI (549) wifi:Init data frame dynamic rx buffer num: 32[0m
[0;32mI (549) wifi:Init static rx mgmt buffer num: 5[0m
[0;32mI (559) wifi:Init management short buffer num: 32[0m
[0;32mI (559) wifi:Init dynamic tx buffer num: 32[0m
[0;32mI (559) wifi:Init static rx buffer size: 1600[0m
[0;32mI (569) wifi:Init static rx buffer num: 10[0m
[0;32mI (569) wifi:Init dynamic rx buffer num: 32[0m
[0;32mI (579) wifi_init: rx ba win: 6[0m
[0;32mI (579) wifi_init: accept mbox: 6[0m
[0;32mI (579) wifi_init: tcpip mbox: 32[0m
[0;32mI (579) wifi_init: udp mbox: 6[0m
[0;32mI (589) wifi_init: tcp mbox: 6[0m
[0;32mI (589) wifi_init: tcp tx win: 5760[0m
[0;32mI (589) wifi_init: tcp rx win: 5760[0m
[0;32mI (599) wifi_init: tcp mss: 1440[0m
[0;32mI (599) wifi_init: WiFi IRAM OP enabled[0m
[0;32mI (599) wifi_init: WiFi RX IRAM OP enabled[0m
[0;32mI (609) phy_init: phy_version 4860,6b7a6e5,Feb  6 2025,14:47:07[0m
[0;32mI (679) wifi:mode : sta (3c:61:05:65:50:98)[0m
[0;32mI (679) wifi:enable tsf[0m
[0;32mI (689) WIFI: wifi_init_sta finished.[0m
[0;32mI (699) wifi:new:<6,0>, old:<1,0>, ap:<255,255>, sta:<6,0>, prof:1, snd_ch_cfg:0x0[0m
[0;32mI (699) wifi:state: init -> auth (0xb0)[0m
[0;32mI (709) wifi:state: auth -> assoc (0x0)[0m
[0;32mI (709) wifi:state: assoc -> run (0x10)[0m
[0;32mI (719) wifi:<ba-add>idx:0 (ifx:0, c8:b4:22:24:ba:c9), tid:0, ssn:0, winSize:64[0m
[0;32mI (739) wifi:connected with Marymontecinos, aid = 3, channel 6, BW20, bssid = c8:b4:22:24:ba:c9[0m
[0;32mI (739) wifi:security: WPA2-PSK, phy: bgn, rssi: -60[0m
[0;32mI (749) wifi:pm start, type: 1[0m

[0;32mI (749) wifi:dp: 1, bi: 102400, li: 3, scale listen interval from 307200 us to 307200 us[0m
[0;32mI (779) wifi:AP's beacon interval = 102400 us, DTIM period = 3[0m
[0;32mI (1779) esp_netif_handlers: sta ip: 192.168.1.122, mask: 255.255.255.0, gw: 192.168.1.1[0m
[0;32mI (1779) WIFI: got ip:192.168.1.122[0m
[0;32mI (1779) WIFI: connected to ap SSID:Marymontecinos password:11032002[0m
[0;32mI (1779) WIFI: Conectado a WiFi![0m
enviamos la conf inicialI (2109) WIFI: Datos recibidos: 
Transport Layer: 0
ID Protocol: 3
seteamos la conf inicial
enviamos el mensajeTCP message sent
[0;32mI (2129) main_task: Returned from app_main()[0m
ets Jun  8 2016 00:22:57

rst:0x1 (POWERON_RESET),boot:0x13 (SPI_FAST_FLASH_BOOT)
configsip: 0, SPIWP:0xee
clk_drv:0x00,q_drv:0x00,d_drv:0x00,cs0_drv:0x00,hd_drv:0x00,wp_drv:0x00
mode:DIO, clock div:2
load:0x3fff0030,len:6276
load:0x40078000,len:15748
load:0x40080400,len:4
ho 8 tail 4 room 4
load:0x40080404,len:3860
entry 0x4008063c
[0;32mI (31) boot: ESP-IDF v5.4.1-dirty 2nd stage bootloader[0m
[0;32mI (31) boot: compile time May  5 2025 17:07:06[0m
[0;32mI (31) boot: Multicore bootloader[0m
[0;32mI (33) boot: chip revision: v1.0[0m
[0;32mI (35) boot.esp32: SPI Speed      : 40MHz[0m
[0;32mI (39) boot.esp32: SPI Mode       : DIO[0m
[0;32mI (43) boot.esp32: SPI Flash Size : 2MB[0m
[0;32mI (46) boot: Enabling RNG early entropy source...[0m
[0;32mI (51) boot: Partition Table:[0m
[0;32mI (53) boot: ## Label            Usage          Type ST Offset   Length[0m
[0;32mI (60) boot:  0 nvs              WiFi data        01 02 00009000 00006000[0m
[0;32mI (66) boot:  1 phy_init         RF data          01 01 0000f000 00001000[0m
[0;32mI (73) boot:  2 factory          factory app      00 00 00010000 00100000[0m
[0;32mI (79) boot: End of partition table[0m
[0;32mI (82) esp_image: segment 0: paddr=00010020 vaddr=3f400020 size=18f88h (102280) map[0m
[0;32mI (125) esp_image: segment 1: paddr=00028fb0 vaddr=3ff80000 size=0001ch (    28) load[0m
[0;32mI (125) esp_image: segment 2: paddr=00028fd4 vaddr=3ffb0000 size=03ea4h ( 16036) load[0m
[0;32mI (135) esp_image: segment 3: paddr=0002ce80 vaddr=40080000 size=03198h ( 12696) load[0m
[0;32mI (141) esp_image: segment 4: paddr=00030020 vaddr=400d0020 size=84e50h (544336) map[0m
[0;32mI (330) esp_image: segment 5: paddr=000b4e78 vaddr=40083198 size=14600h ( 83456) load[0m
[0;32mI (374) boot: Loaded app from partition at offset 0x10000[0m
[0;32mI (374) boot: Disabling RNG early entropy source...[0m
[0;32mI (384) cpu_start: Multicore app[0m
[0;32mI (393) cpu_start: Pro cpu start user code[0m
[0;32mI (393) cpu_start: cpu freq: 160000000 Hz[0m
[0;32mI (393) app_init: Application information:[0m
[0;32mI (393) app_init: Project name:     wifi[0m
[0;32mI (396) app_init: App version:      6bfb8bc-dirty[0m
[0;32mI (401) app_init: Compile time:     May  6 2025 12:23:09[0m
[0;32mI (406) app_init: ELF file SHA256:  dfd1dccdb...[0m
[0;32mI (410) app_init: ESP-IDF:          v5.4.1-dirty[0m
[0;32mI (414) efuse_init: Min chip rev:     v0.0[0m
[0;32mI (418) efuse_init: Max chip rev:     v3.99 [0m
[0;32mI (422) efuse_init: Chip rev:         v1.0[0m
[0;32mI (426) heap_init: Initializing. RAM available for dynamic allocation:[0m
[0;32mI (433) heap_init: At 3FFAE6E0 len 00001920 (6 KiB): DRAM[0m
[0;32mI (438) heap_init: At 3FFB8158 len 00027EA8 (159 KiB): DRAM[0m
[0;32mI (443) heap_init: At 3FFE0440 len 00003AE0 (14 KiB): D/IRAM[0m
[0;32mI (448) heap_init: At 3FFE4350 len 0001BCB0 (111 KiB): D/IRAM[0m
[0;32mI (454) heap_init: At 40097798 len 00008868 (34 KiB): IRAM[0m
[0;32mI (460) spi_flash: detected chip: generic[0m
[0;32mI (463) spi_flash: flash io: dio[0m
[0;33mW (466) spi_flash: Detected size(4096k) larger than the size in the binary image header(2048k). Using the size in the binary image header.[0m
[0;32mI (479) main_task: Started on CPU0[0m
[0;32mI (489) main_task: Calling app_main()[0m
[0;32mI (529) wifi:wifi driver task: 3ffc01b8, prio:23, stack:6656, core=0[0m
[0;32mI (539) wifi:wifi firmware version: 79fa3f41ba[0m
[0;32mI (539) wifi:wifi certification version: v7.0[0m
[0;32mI (539) wifi:config NVS flash: enabled[0m
[0;32mI (539) wifi:config nano formatting: disabled[0m
[0;32mI (549) wifi:Init data frame dynamic rx buffer num: 32[0m
[0;32mI (549) wifi:Init static rx mgmt buffer num: 5[0m
[0;32mI (559) wifi:Init management short buffer num: 32[0m
[0;32mI (559) wifi:Init dynamic tx buffer num: 32[0m
[0;32mI (559) wifi:Init static rx buffer size: 1600[0m
[0;32mI (569) wifi:Init static rx buffer num: 10[0m
[0;32mI (569) wifi:Init dynamic rx buffer num: 32[0m
[0;32mI (579) wifi_init: rx ba win: 6[0m
[0;32mI (579) wifi_init: accept mbox: 6[0m
[0;32mI (579) wifi_init: tcpip mbox: 32[0m
[0;32mI (579) wifi_init: udp mbox: 6[0m
[0;32mI (589) wifi_init: tcp mbox: 6[0m
[0;32mI (589) wifi_init: tcp tx win: 5760[0m
[0;32mI (589) wifi_init: tcp rx win: 5760[0m
[0;32mI (599) wifi_init: tcp mss: 1440[0m
[0;32mI (599) wifi_init: WiFi IRAM OP enabled[0m
[0;32mI (599) wifi_init: WiFi RX IRAM OP enabled[0m
[0;32mI (609) phy_init: phy_version 4860,6b7a6e5,Feb  6 2025,14:47:07[0m
[0;32mI (679) wifi:mode : sta (3c:61:05:65:50:98)[0m
[0;32mI (679) wifi:enable tsf[0m
[0;32mI (689) WIFI: wifi_init_sta finished.[0m
[0;32mI (709) wifi:new:<6,0>, old:<1,0>, ap:<255,255>, sta:<6,0>, prof:1, snd_ch_cfg:0x0[0m
[0;32mI (709) wifi:state: init -> auth (0xb0)[0m
[0;32mI (709) wifi:state: auth -> assoc (0x0)[0m
[0;32mI (719) wifi:state: assoc -> run (0x10)[0m
[0;32mI (729) wifi:<ba-add>idx:0 (ifx:0, c8:b4:22:24:ba:c9), tid:0, ssn:0, winSize:64[0m
[0;32mI (739) wifi:connected with Marymontecinos, aid = 3, channel 6, BW20, bssid = c8:b4:22:24:ba:c9[0m
[0;32mI (739) wifi:security: WPA2-PSK, phy: bgn, rssi: -52[0m
[0;32mI (749) wifi:pm start, type: 1[0m

[0;32mI (749) wifi:dp: 1, bi: 102400, li: 3, scale listen interval from 307200 us to 307200 us[0m
[0;32mI (759) wifi:AP's beacon interval = 102400 us, DTIM period = 3[0m
[0;32mI (1769) esp_netif_handlers: sta ip: 192.168.1.122, mask: 255.255.255.0, gw: 192.168.1.1[0m
[0;32mI (1769) WIFI: got ip:192.168.1.122[0m
[0;32mI (1769) WIFI: connected to ap SSID:Marymontecinos password:11032002[0m
[0;32mI (1769) WIFI: Conectado a WiFi![0m
enviamos la conf inicialI (2499) WIFI: Datos recibidos: ï¿½?ï¿½ï¿½?
Transport Layer: 1
ID Protocol: 3
seteamos la conf inicial
[0;32mI (2509) WIFI: Bytes enviados por UDP: 45[0m
UDP message sent
[0;32mI (2509) main_task: Returned from app_main()[0m
